[preview.colorlib.com/theme/gotrip/index.html]
[backblue.gif]
[fade.gif]
[index.html]
[preview.colorlib.com/theme/gotrip/site.webmanifest]
[preview.colorlib.com/theme/gotrip/assets/img/favicon.ico]
[preview.colorlib.com/theme/gotrip/assets/css/bootstrap.min.css]
[preview.colorlib.com/theme/gotrip/assets/css/owl.carousel.min.css]
[preview.colorlib.com/theme/gotrip/assets/css/flaticon.css]
[preview.colorlib.com/theme/gotrip/assets/css/slicknav.css]
[preview.colorlib.com/theme/gotrip/assets/css/animate.min.css]
[preview.colorlib.com/theme/gotrip/assets/css/magnific-popup.css]
[preview.colorlib.com/theme/gotrip/assets/css/fontawesome-all.min.css]
[preview.colorlib.com/theme/gotrip/assets/css/themify-icons.css]
[preview.colorlib.com/theme/gotrip/assets/css/slick.css]
[preview.colorlib.com/theme/gotrip/assets/css/nice-select.css]
[preview.colorlib.com/theme/gotrip/assets/css/style.css]
[preview.colorlib.com/theme/gotrip/assets/img/logo/logo.png]
[preview.colorlib.com/theme/gotrip/index-2.html]
[preview.colorlib.com/theme/gotrip/about.html]
[preview.colorlib.com/theme/gotrip/packages.html]
[preview.colorlib.com/theme/gotrip/blog.html]
[preview.colorlib.com/theme/gotrip/single-blog.html]
[preview.colorlib.com/theme/gotrip/elements.html]
[preview.colorlib.com/theme/gotrip/contact.html]
[preview.colorlib.com/theme/gotrip/assets/img/service/services1.jpg]
[preview.colorlib.com/theme/gotrip/assets/img/service/services2.jpg]
[preview.colorlib.com/theme/gotrip/assets/img/service/services3.jpg]
[preview.colorlib.com/theme/gotrip/assets/img/service/services4.jpg]
[preview.colorlib.com/theme/gotrip/assets/img/service/services5.jpg]
[preview.colorlib.com/theme/gotrip/assets/img/service/services6.jpg]
[preview.colorlib.com/theme/gotrip/assets/img/service/support-img.jpg]
[preview.colorlib.com/theme/gotrip/assets/img/icon/testimonial.png]
[preview.colorlib.com/theme/gotrip/assets/img/testmonial/Homepage_testi.png]
[preview.colorlib.com/theme/gotrip/assets/img/blog/home-blog1.jpg]
[preview.colorlib.com/theme/gotrip/assets/img/blog/home-blog2.jpg]
[preview.colorlib.com/theme/gotrip/assets/img/logo/logo2_footer.png]
[preview.colorlib.com/cdn-cgi/scripts/5c5dd728/cloudflare-static/email-decode.min.js]
[preview.colorlib.com/theme/gotrip/assets/js/vendor/modernizr-3.5.0.min.js]
[preview.colorlib.com/theme/gotrip/assets/js/popper.min.js]
[preview.colorlib.com/theme/gotrip/assets/js/bootstrap.min.js]
[preview.colorlib.com/theme/gotrip/assets/js/vendor/jquery-1.12.4.min.js]
[preview.colorlib.com/theme/gotrip/assets/js/jquery.slicknav.min.js]
[preview.colorlib.com/theme/gotrip/assets/js/owl.carousel.min.js]
[preview.colorlib.com/theme/gotrip/assets/js/slick.min.js]
[preview.colorlib.com/theme/gotrip/assets/js/wow.min.js]
[preview.colorlib.com/theme/gotrip/assets/js/animated.headline.js]
[preview.colorlib.com/theme/gotrip/assets/js/jquery.magnific-popup.js]
[preview.colorlib.com/theme/gotrip/assets/js/jquery.scrollUp.min.js]
[preview.colorlib.com/theme/gotrip/assets/js/jquery.nice-select.min.js]
[preview.colorlib.com/theme/gotrip/assets/js/jquery.sticky.js]
[preview.colorlib.com/theme/gotrip/assets/js/contact.js]
[preview.colorlib.com/theme/gotrip/assets/js/jquery.form.js]
[preview.colorlib.com/theme/gotrip/assets/js/mail-script.js]
[preview.colorlib.com/theme/gotrip/assets/js/jquery.validate.min.js]
[preview.colorlib.com/theme/gotrip/assets/js/jquery.ajaxchimp.min.js]
[preview.colorlib.com/theme/gotrip/assets/js/plugins.js]
[preview.colorlib.com/theme/gotrip/index.html]
[preview.colorlib.com/theme/gotrip/site.html]
[preview.colorlib.com/theme/gotrip/assets/css/bootstrap.min.css]
[preview.colorlib.com/theme/gotrip/assets/css/owl.carousel.min.css]
[preview.colorlib.com/theme/gotrip/assets/js/main.js]
[preview.colorlib.com/theme/gotrip/assets/fonts/Flaticon.eot]
[preview.colorlib.com/theme/gotrip/assets/fonts/Flaticond41d.eot]
[preview.colorlib.com/theme/gotrip/assets/fonts/Flaticon.woff2]
[preview.colorlib.com/theme/gotrip/assets/fonts/Flaticon.woff]
[preview.colorlib.com/theme/gotrip/assets/fonts/Flaticon.ttf]
[preview.colorlib.com/theme/gotrip/assets/css/flaticon.css]
[preview.colorlib.com/theme/gotrip/assets/css/slicknav.css]
[preview.colorlib.com/theme/gotrip/assets/css/animate.min.css]
[preview.colorlib.com/theme/gotrip/assets/css/magnific-popup.css]
[preview.colorlib.com/theme/gotrip/assets/fonts/Flaticon.svg]
[preview.colorlib.com/theme/gotrip/assets/fonts/fa-brands-400.eot]
[preview.colorlib.com/theme/gotrip/assets/fonts/fa-brands-400.woff2]
[preview.colorlib.com/theme/gotrip/assets/fonts/fa-brands-400.woff]
[preview.colorlib.com/theme/gotrip/assets/fonts/fa-brands-400.ttf]
[preview.colorlib.com/theme/gotrip/assets/fonts/fa-brands-400.svg]
[preview.colorlib.com/theme/gotrip/assets/fonts/fa-regular-400.eot]
[preview.colorlib.com/theme/gotrip/assets/fonts/fa-regular-400d41d.eot]
[preview.colorlib.com/theme/gotrip/assets/fonts/fa-regular-400.woff2]
[preview.colorlib.com/theme/gotrip/assets/fonts/fa-regular-400.woff]
[preview.colorlib.com/theme/gotrip/assets/fonts/fa-regular-400.ttf]
[preview.colorlib.com/theme/gotrip/assets/fonts/fa-regular-400.svg]
[preview.colorlib.com/theme/gotrip/assets/fonts/fa-brands-400d41d.eot]
[preview.colorlib.com/theme/gotrip/assets/fonts/fa-solid-900.eot]
[preview.colorlib.com/theme/gotrip/assets/fonts/fa-solid-900.woff2]
[preview.colorlib.com/theme/gotrip/assets/fonts/fa-solid-900.woff]
[preview.colorlib.com/theme/gotrip/assets/fonts/fa-solid-900.ttf]
[preview.colorlib.com/theme/gotrip/assets/css/fontawesome-all.min.css]
[preview.colorlib.com/theme/gotrip/assets/fonts/fa-solid-900.svg]
[preview.colorlib.com/theme/gotrip/assets/fonts/themify9f24.eot]
[preview.colorlib.com/theme/gotrip/assets/fonts/themifyd41d.eot]
[preview.colorlib.com/theme/gotrip/assets/fonts/fa-solid-900d41d.eot]
[preview.colorlib.com/theme/gotrip/assets/fonts/themify9f24.woff]
[preview.colorlib.com/theme/gotrip/assets/css/themify-icons.css]
[preview.colorlib.com/theme/gotrip/assets/css/slick.css]
[preview.colorlib.com/theme/gotrip/assets/css/nice-select.css]
[preview.colorlib.com/theme/gotrip/assets/fonts/themify9f24.svg]
[preview.colorlib.com/theme/gotrip/assets/img/elements/primary-check.png]
[preview.colorlib.com/theme/gotrip/assets/img/elements/success-check.png]
[preview.colorlib.com/theme/gotrip/assets/img/elements/disabled-check.png]
[preview.colorlib.com/theme/gotrip/assets/fonts/themify9f24.ttf]
[preview.colorlib.com/theme/gotrip/assets/img/elements/primary-radio.png]
[preview.colorlib.com/theme/gotrip/assets/img/elements/success-radio.png]
[preview.colorlib.com/theme/gotrip/assets/img/elements/disabled-radio.png]
[preview.colorlib.com/theme/gotrip/assets/img/hero/hero-_ineShape.png]
[preview.colorlib.com/theme/gotrip/assets/css/style.css]
[preview.colorlib.com/cdn-cgi/zaraz/sd0d9.js]
[preview.colorlib.com/theme/gotrip/index-2.html]
[preview.colorlib.com/theme/gotrip/about.html]
[preview.colorlib.com/theme/gotrip/assets/img/service/services7.jpg]
[preview.colorlib.com/theme/gotrip/assets/img/service/services8.jpg]
[preview.colorlib.com/theme/gotrip/assets/img/service/services9.jpg]
[preview.colorlib.com/theme/gotrip/packages.html]
[preview.colorlib.com/theme/gotrip/assets/img/favicon.5e.delayed]
[preview.colorlib.com/theme/gotrip/assets/css/responsive.css]
[preview.colorlib.com/theme/gotrip/assets/img/blog/single_blog_1.png]
[preview.colorlib.com/theme/gotrip/assets/img/blog/single_blog_2.png]
[preview.colorlib.com/theme/gotrip/assets/img/blog/single_blog_3.png]
[preview.colorlib.com/theme/gotrip/assets/img/blog/single_blog_4.png]
[preview.colorlib.com/theme/gotrip/assets/img/blog/single_blog_5.png]
[preview.colorlib.com/theme/gotrip/assets/img/post/post_1.png]
[preview.colorlib.com/theme/gotrip/assets/img/post/post_2.png]
[preview.colorlib.com/theme/gotrip/assets/img/post/post_3.png]
[preview.colorlib.com/theme/gotrip/assets/img/post/post_4.png]
[preview.colorlib.com/theme/gotrip/assets/img/post/post_5.png]
[preview.colorlib.com/theme/gotrip/assets/img/post/post_6.png]
[preview.colorlib.com/theme/gotrip/assets/img/post/post_7.png]
[preview.colorlib.com/theme/gotrip/assets/img/post/post_8.png]
[preview.colorlib.com/theme/gotrip/assets/img/post/post_9.png]
[preview.colorlib.com/theme/gotrip/assets/img/post/post_10.png]
[preview.colorlib.com/theme/gotrip/assets/img/service/footer_bg.jpg]
[preview.colorlib.com/theme/gotrip/blog.html]
[preview.colorlib.com/theme/gotrip/assets/img/post/preview.png]
[preview.colorlib.com/theme/gotrip/assets/img/post/next.png]
[preview.colorlib.com/theme/gotrip/assets/img/blog/author.png]
[preview.colorlib.com/theme/gotrip/assets/img/comment/comment_1.png]
[preview.colorlib.com/theme/gotrip/assets/img/comment/comment_2.png]
[preview.colorlib.com/theme/gotrip/assets/img/comment/comment_3.png]
[preview.colorlib.com/theme/gotrip/assets/js/gijgo.min.js]
[preview.colorlib.com/theme/gotrip/single-blog.html]
[preview.colorlib.com/theme/gotrip/assets/img/elements/d.jpg]
[preview.colorlib.com/theme/gotrip/assets/img/elements/f1.jpg]
[preview.colorlib.com/theme/gotrip/assets/img/elements/f2.jpg]
[preview.colorlib.com/theme/gotrip/assets/img/elements/f3.jpg]
[preview.colorlib.com/theme/gotrip/assets/img/elements/f4.jpg]
[preview.colorlib.com/theme/gotrip/assets/img/elements/f5.jpg]
[preview.colorlib.com/theme/gotrip/assets/img/elements/f6.jpg]
[preview.colorlib.com/theme/gotrip/assets/img/elements/f7.jpg]
[preview.colorlib.com/theme/gotrip/assets/img/elements/f8.jpg]
[preview.colorlib.com/theme/gotrip/assets/img/elements/g1.jpg]
[preview.colorlib.com/theme/gotrip/assets/img/elements/g2.jpg]
[preview.colorlib.com/theme/gotrip/assets/img/elements/g3.jpg]
[preview.colorlib.com/theme/gotrip/assets/img/elements/g4.jpg]
[preview.colorlib.com/theme/gotrip/assets/img/elements/g5.jpg]
[preview.colorlib.com/theme/gotrip/assets/img/elements/g6.jpg]
[preview.colorlib.com/theme/gotrip/assets/img/elements/g7.jpg]
[preview.colorlib.com/theme/gotrip/assets/img/elements/g8.jpg]
[preview.colorlib.com/theme/gotrip/elements.html]
[preview.colorlib.com/theme/gotrip/img/favicon.png]
[preview.colorlib.com/theme/gotrip/_https_/maps.gstatic.com/mapfiles/openhand_8_8.cur_]
[maps.gstatic.com/mapfiles/api-3/images/google_white5.png]
[preview.colorlib.com/theme/gotrip/contact.html]
[preview.colorlib.com/theme/gotrip/assets/fonts/Flaticon.svg]
[preview.colorlib.com/theme/gotrip/assets/fonts/fa-brands-400.svg]
[preview.colorlib.com/theme/gotrip/assets/fonts/fa-regular-400.svg]
[preview.colorlib.com/theme/gotrip/assets/fonts/fa-solid-900.svg]
[preview.colorlib.com/theme/gotrip/assets/fonts/themify9f24.svg]
[preview.colorlib.com/theme/gotrip/assets/img/favicon.html]
[preview.colorlib.com/theme/gotrip/assets/css/responsive.css]
[preview.colorlib.com/theme/gotrip/assets/js/gijgo.min.html]
[preview.colorlib.com/theme/gotrip/img/favicon.html]
[preview.colorlib.com/theme/gotrip/_https_/maps.gstatic.com/mapfiles/openhand_8_8.html]
